Orchestrator E2E smoke	Set up job	‚à©‚ïó‚îê2025-11-20T17:55:01.5963285Z Current runner version: '2.329.0'
Orchestrator E2E smoke	Set up job	2025-11-20T17:55:01.5990985Z ##[group]Runner Image Provisioner
Orchestrator E2E smoke	Set up job	2025-11-20T17:55:01.5991902Z Hosted Compute Agent
Orchestrator E2E smoke	Set up job	2025-11-20T17:55:01.5992603Z Version: 20251016.436
Orchestrator E2E smoke	Set up job	2025-11-20T17:55:01.5993186Z Commit: 8ab8ac8bfd662a3739dab9fe09456aba92132568
Orchestrator E2E smoke	Set up job	2025-11-20T17:55:01.5993888Z Build Date: 2025-10-15T20:44:12Z
Orchestrator E2E smoke	Set up job	2025-11-20T17:55:01.5994524Z ##[endgroup]
Orchestrator E2E smoke	Set up job	2025-11-20T17:55:01.5995196Z ##[group]Operating System
Orchestrator E2E smoke	Set up job	2025-11-20T17:55:01.5995791Z Ubuntu
Orchestrator E2E smoke	Set up job	2025-11-20T17:55:01.5996309Z 24.04.3
Orchestrator E2E smoke	Set up job	2025-11-20T17:55:01.5996725Z LTS
Orchestrator E2E smoke	Set up job	2025-11-20T17:55:01.5997179Z ##[endgroup]
Orchestrator E2E smoke	Set up job	2025-11-20T17:55:01.5997662Z ##[group]Runner Image
Orchestrator E2E smoke	Set up job	2025-11-20T17:55:01.5998295Z Image: ubuntu-24.04
Orchestrator E2E smoke	Set up job	2025-11-20T17:55:01.5998842Z Version: 20251112.124.1
Orchestrator E2E smoke	Set up job	2025-11-20T17:55:01.5999888Z Included Software: https://github.com/actions/runner-images/blob/ubuntu24/20251112.124/images/ubuntu/Ubuntu2404-Readme.md
Orchestrator E2E smoke	Set up job	2025-11-20T17:55:01.6001310Z Image Release: https://github.com/actions/runner-images/releases/tag/ubuntu24%2F20251112.124
Orchestrator E2E smoke	Set up job	2025-11-20T17:55:01.6002574Z ##[endgroup]
Orchestrator E2E smoke	Set up job	2025-11-20T17:55:01.6003598Z ##[group]GITHUB_TOKEN Permissions
Orchestrator E2E smoke	Set up job	2025-11-20T17:55:01.6006114Z Contents: read
Orchestrator E2E smoke	Set up job	2025-11-20T17:55:01.6006713Z Metadata: read
Orchestrator E2E smoke	Set up job	2025-11-20T17:55:01.6007201Z ##[endgroup]
Orchestrator E2E smoke	Set up job	2025-11-20T17:55:01.6009408Z Secret source: Actions
Orchestrator E2E smoke	Set up job	2025-11-20T17:55:01.6010517Z Prepare workflow directory
Orchestrator E2E smoke	Set up job	2025-11-20T17:55:01.6350628Z Prepare all required actions
Orchestrator E2E smoke	Set up job	2025-11-20T17:55:01.6390668Z Getting action download info
Orchestrator E2E smoke	Set up job	2025-11-20T17:55:01.9713891Z Download action repository 'actions/checkout@v4' (SHA:34e114876b0b11c390a56381ad16ebd13914f8d5)
Orchestrator E2E smoke	Set up job	2025-11-20T17:55:02.6472172Z Download action repository 'aws-actions/configure-aws-credentials@v4' (SHA:7474bc4690e29a8392af63c5b98e7449536d5c3a)
Orchestrator E2E smoke	Set up job	2025-11-20T17:55:03.1347326Z Complete job name: Orchestrator E2E smoke
Orchestrator E2E smoke	Checkout repo	‚à©‚ïó‚îê2025-11-20T17:55:03.2184868Z ##[group]Run actions/checkout@v4
Orchestrator E2E smoke	Checkout repo	2025-11-20T17:55:03.2186592Z with:
Orchestrator E2E smoke	Checkout repo	2025-11-20T17:55:03.2187440Z   repository: LifebookAI/Lifebook-Site
Orchestrator E2E smoke	Checkout repo	2025-11-20T17:55:03.2188905Z   token: ***
Orchestrator E2E smoke	Checkout repo	2025-11-20T17:55:03.2189701Z   ssh-strict: true
Orchestrator E2E smoke	Checkout repo	2025-11-20T17:55:03.2190552Z   ssh-user: git
Orchestrator E2E smoke	Checkout repo	2025-11-20T17:55:03.2191396Z   persist-credentials: true
Orchestrator E2E smoke	Checkout repo	2025-11-20T17:55:03.2192396Z   clean: true
Orchestrator E2E smoke	Checkout repo	2025-11-20T17:55:03.2193233Z   sparse-checkout-cone-mode: true
Orchestrator E2E smoke	Checkout repo	2025-11-20T17:55:03.2194246Z   fetch-depth: 1
Orchestrator E2E smoke	Checkout repo	2025-11-20T17:55:03.2195345Z   fetch-tags: false
Orchestrator E2E smoke	Checkout repo	2025-11-20T17:55:03.2196213Z   show-progress: true
Orchestrator E2E smoke	Checkout repo	2025-11-20T17:55:03.2197070Z   lfs: false
Orchestrator E2E smoke	Checkout repo	2025-11-20T17:55:03.2197858Z   submodules: false
Orchestrator E2E smoke	Checkout repo	2025-11-20T17:55:03.2198708Z   set-safe-directory: true
Orchestrator E2E smoke	Checkout repo	2025-11-20T17:55:03.2199908Z ##[endgroup]
Orchestrator E2E smoke	Checkout repo	2025-11-20T17:55:03.3314050Z Syncing repository: LifebookAI/Lifebook-Site
Orchestrator E2E smoke	Checkout repo	2025-11-20T17:55:03.3318521Z ##[group]Getting Git version info
Orchestrator E2E smoke	Checkout repo	2025-11-20T17:55:03.3321263Z Working directory is '/home/runner/work/Lifebook-Site/Lifebook-Site'
Orchestrator E2E smoke	Checkout repo	2025-11-20T17:55:03.3324381Z [command]/usr/bin/git version
Orchestrator E2E smoke	Checkout repo	2025-11-20T17:55:03.3379836Z git version 2.51.2
Orchestrator E2E smoke	Checkout repo	2025-11-20T17:55:03.3407031Z ##[endgroup]
Orchestrator E2E smoke	Checkout repo	2025-11-20T17:55:03.3422238Z Temporarily overriding HOME='/home/runner/work/_temp/5db69e6d-6272-4c96-be42-540f0e80bfae' before making global git config changes
Orchestrator E2E smoke	Checkout repo	2025-11-20T17:55:03.3425493Z Adding repository directory to the temporary git global config as a safe directory
Orchestrator E2E smoke	Checkout repo	2025-11-20T17:55:03.3435864Z [command]/usr/bin/git config --global --add safe.directory /home/runner/work/Lifebook-Site/Lifebook-Site
Orchestrator E2E smoke	Checkout repo	2025-11-20T17:55:03.3474216Z Deleting the contents of '/home/runner/work/Lifebook-Site/Lifebook-Site'
Orchestrator E2E smoke	Checkout repo	2025-11-20T17:55:03.3477561Z ##[group]Initializing the repository
Orchestrator E2E smoke	Checkout repo	2025-11-20T17:55:03.3482155Z [command]/usr/bin/git init /home/runner/work/Lifebook-Site/Lifebook-Site
Orchestrator E2E smoke	Checkout repo	2025-11-20T17:55:03.3596019Z hint: Using 'master' as the name for the initial branch. This default branch name
Orchestrator E2E smoke	Checkout repo	2025-11-20T17:55:03.3598411Z hint: is subject to change. To configure the initial branch name to use in all
Orchestrator E2E smoke	Checkout repo	2025-11-20T17:55:03.3601075Z hint: of your new repositories, which will suppress this warning, call:
Orchestrator E2E smoke	Checkout repo	2025-11-20T17:55:03.3602616Z hint:
Orchestrator E2E smoke	Checkout repo	2025-11-20T17:55:03.3603740Z hint: 	git config --global init.defaultBranch <name>
Orchestrator E2E smoke	Checkout repo	2025-11-20T17:55:03.3605662Z hint:
Orchestrator E2E smoke	Checkout repo	2025-11-20T17:55:03.3607144Z hint: Names commonly chosen instead of 'master' are 'main', 'trunk' and
Orchestrator E2E smoke	Checkout repo	2025-11-20T17:55:03.3609170Z hint: 'development'. The just-created branch can be renamed via this command:
Orchestrator E2E smoke	Checkout repo	2025-11-20T17:55:03.3610771Z hint:
Orchestrator E2E smoke	Checkout repo	2025-11-20T17:55:03.3611675Z hint: 	git branch -m <name>
Orchestrator E2E smoke	Checkout repo	2025-11-20T17:55:03.3613032Z hint:
Orchestrator E2E smoke	Checkout repo	2025-11-20T17:55:03.3614436Z hint: Disable this message with "git config set advice.defaultBranchName false"
Orchestrator E2E smoke	Checkout repo	2025-11-20T17:55:03.3617034Z Initialized empty Git repository in /home/runner/work/Lifebook-Site/Lifebook-Site/.git/
Orchestrator E2E smoke	Checkout repo	2025-11-20T17:55:03.3620839Z [command]/usr/bin/git remote add origin https://github.com/LifebookAI/Lifebook-Site
Orchestrator E2E smoke	Checkout repo	2025-11-20T17:55:03.3656391Z ##[endgroup]
Orchestrator E2E smoke	Checkout repo	2025-11-20T17:55:03.3657889Z ##[group]Disabling automatic garbage collection
Orchestrator E2E smoke	Checkout repo	2025-11-20T17:55:03.3660133Z [command]/usr/bin/git config --local gc.auto 0
Orchestrator E2E smoke	Checkout repo	2025-11-20T17:55:03.3691280Z ##[endgroup]
Orchestrator E2E smoke	Checkout repo	2025-11-20T17:55:03.3692661Z ##[group]Setting up auth
Orchestrator E2E smoke	Checkout repo	2025-11-20T17:55:03.3698505Z [command]/usr/bin/git config --local --name-only --get-regexp core\.sshCommand
Orchestrator E2E smoke	Checkout repo	2025-11-20T17:55:03.3730850Z [command]/usr/bin/git submodule foreach --recursive sh -c "git config --local --name-only --get-regexp 'core\.sshCommand' && git config --local --unset-all 'core.sshCommand' || :"
Orchestrator E2E smoke	Checkout repo	2025-11-20T17:55:03.4077123Z [command]/usr/bin/git config --local --name-only --get-regexp http\.https\:\/\/github\.com\/\.extraheader
Orchestrator E2E smoke	Checkout repo	2025-11-20T17:55:03.4109079Z [command]/usr/bin/git submodule foreach --recursive sh -c "git config --local --name-only --get-regexp 'http\.https\:\/\/github\.com\/\.extraheader' && git config --local --unset-all 'http.https://github.com/.extraheader' || :"
Orchestrator E2E smoke	Checkout repo	2025-11-20T17:55:03.4340256Z [command]/usr/bin/git config --local --name-only --get-regexp ^includeIf\.gitdir:
Orchestrator E2E smoke	Checkout repo	2025-11-20T17:55:03.4376877Z [command]/usr/bin/git submodule foreach --recursive git config --local --show-origin --name-only --get-regexp remote.origin.url
Orchestrator E2E smoke	Checkout repo	2025-11-20T17:55:03.4605003Z [command]/usr/bin/git config --local http.https://github.com/.extraheader AUTHORIZATION: basic ***
Orchestrator E2E smoke	Checkout repo	2025-11-20T17:55:03.4640998Z ##[endgroup]
Orchestrator E2E smoke	Checkout repo	2025-11-20T17:55:03.4643568Z ##[group]Fetching the repository
Orchestrator E2E smoke	Checkout repo	2025-11-20T17:55:03.4653041Z [command]/usr/bin/git -c protocol.version=2 fetch --no-tags --prune --no-recurse-submodules --depth=1 origin +301f2fd4ffb586e437c0830628c61de297af43de:refs/remotes/origin/main
Orchestrator E2E smoke	Checkout repo	2025-11-20T17:55:03.8979387Z From https://github.com/LifebookAI/Lifebook-Site
Orchestrator E2E smoke	Checkout repo	2025-11-20T17:55:03.8981842Z  * [new ref]         301f2fd4ffb586e437c0830628c61de297af43de -> origin/main
Orchestrator E2E smoke	Checkout repo	2025-11-20T17:55:03.9016074Z ##[endgroup]
Orchestrator E2E smoke	Checkout repo	2025-11-20T17:55:03.9018439Z ##[group]Determining the checkout info
Orchestrator E2E smoke	Checkout repo	2025-11-20T17:55:03.9020967Z ##[endgroup]
Orchestrator E2E smoke	Checkout repo	2025-11-20T17:55:03.9023619Z [command]/usr/bin/git sparse-checkout disable
Orchestrator E2E smoke	Checkout repo	2025-11-20T17:55:03.9071201Z [command]/usr/bin/git config --local --unset-all extensions.worktreeConfig
Orchestrator E2E smoke	Checkout repo	2025-11-20T17:55:03.9100877Z ##[group]Checking out the ref
Orchestrator E2E smoke	Checkout repo	2025-11-20T17:55:03.9105528Z [command]/usr/bin/git checkout --progress --force -B main refs/remotes/origin/main
Orchestrator E2E smoke	Checkout repo	2025-11-20T17:55:03.9568699Z Switched to a new branch 'main'
Orchestrator E2E smoke	Checkout repo	2025-11-20T17:55:03.9570811Z branch 'main' set up to track 'origin/main'.
Orchestrator E2E smoke	Checkout repo	2025-11-20T17:55:03.9582797Z ##[endgroup]
Orchestrator E2E smoke	Checkout repo	2025-11-20T17:55:03.9623788Z [command]/usr/bin/git log -1 --format=%H
Orchestrator E2E smoke	Checkout repo	2025-11-20T17:55:03.9649918Z 301f2fd4ffb586e437c0830628c61de297af43de
Orchestrator E2E smoke	Configure AWS credentials (OIDC)	‚à©‚ïó‚îê2025-11-20T17:55:03.9965584Z ##[group]Run aws-actions/configure-aws-credentials@v4
Orchestrator E2E smoke	Configure AWS credentials (OIDC)	2025-11-20T17:55:03.9966812Z with:
Orchestrator E2E smoke	Configure AWS credentials (OIDC)	2025-11-20T17:55:03.9967999Z   role-to-assume: ***
Orchestrator E2E smoke	Configure AWS credentials (OIDC)	2025-11-20T17:55:03.9968837Z   aws-region: us-east-1
Orchestrator E2E smoke	Configure AWS credentials (OIDC)	2025-11-20T17:55:03.9969703Z   audience: sts.amazonaws.com
Orchestrator E2E smoke	Configure AWS credentials (OIDC)	2025-11-20T17:55:03.9970657Z   output-env-credentials: true
Orchestrator E2E smoke	Configure AWS credentials (OIDC)	2025-11-20T17:55:03.9971561Z ##[endgroup]
Orchestrator E2E smoke	Configure AWS credentials (OIDC)	2025-11-20T17:55:04.2777037Z Assuming role with OIDC
Orchestrator E2E smoke	Configure AWS credentials (OIDC)	2025-11-20T17:55:04.4165027Z Authenticated as assumedRoleId AROAVFEM4XOXDWDBYRI4I:GitHubActions
Orchestrator E2E smoke	Run orchestrator E2E smoke	‚à©‚ïó‚îê2025-11-20T17:55:04.4630524Z ##[group]Run pwsh -NoProfile -ExecutionPolicy Bypass -File infra/orchestrator/run-orchestrator-e2e.ps1
Orchestrator E2E smoke	Run orchestrator E2E smoke	2025-11-20T17:55:04.4631664Z [36;1mpwsh -NoProfile -ExecutionPolicy Bypass -File infra/orchestrator/run-orchestrator-e2e.ps1[0m
Orchestrator E2E smoke	Run orchestrator E2E smoke	2025-11-20T17:55:04.4690078Z shell: /usr/bin/pwsh -command ". '{0}'"
Orchestrator E2E smoke	Run orchestrator E2E smoke	2025-11-20T17:55:04.4690512Z env:
Orchestrator E2E smoke	Run orchestrator E2E smoke	2025-11-20T17:55:04.4690761Z   AWS_DEFAULT_REGION: us-east-1
Orchestrator E2E smoke	Run orchestrator E2E smoke	2025-11-20T17:55:04.4691103Z   AWS_REGION: us-east-1
Orchestrator E2E smoke	Run orchestrator E2E smoke	2025-11-20T17:55:04.4691634Z   AWS_ACCESS_KEY_ID: ***
Orchestrator E2E smoke	Run orchestrator E2E smoke	2025-11-20T17:55:04.4692013Z   AWS_SECRET_ACCESS_KEY: ***
Orchestrator E2E smoke	Run orchestrator E2E smoke	2025-11-20T17:55:04.4697397Z   AWS_SESSION_TOKEN: ***
Orchestrator E2E smoke	Run orchestrator E2E smoke	2025-11-20T17:55:04.4697687Z ##[endgroup]
Orchestrator E2E smoke	Run orchestrator E2E smoke	2025-11-20T17:55:08.9194832Z [orchestrator-e2e] Using AWS env: profile='' region='us-east-1'
Orchestrator E2E smoke	Run orchestrator E2E smoke	2025-11-20T17:55:08.9333904Z [orchestrator-e2e] Running orchestrator smoke in child PowerShell...
Orchestrator E2E smoke	Run orchestrator E2E smoke	2025-11-20T17:55:09.7557455Z Using profile 'lifebook-sso' in region 'us-east-1' for orchestrator E2E smoke...
Orchestrator E2E smoke	Run orchestrator E2E smoke	2025-11-20T17:55:09.8209433Z 
Orchestrator E2E smoke	Run orchestrator E2E smoke	2025-11-20T17:55:09.8211773Z [1/3] Enqueuing synthetic orchestrator job...
Orchestrator E2E smoke	Run orchestrator E2E smoke	2025-11-20T17:55:14.6593103Z [31;1mWrite-Error: [0m/home/runner/work/Lifebook-Site/Lifebook-Site/infra/orchestrator/smoke-orchestrator-e2e.ps1:38[0m
Orchestrator E2E smoke	Run orchestrator E2E smoke	2025-11-20T17:55:14.6594462Z [31;1m[0m[36;1mLine |[0m
Orchestrator E2E smoke	Run orchestrator E2E smoke	2025-11-20T17:55:14.6594898Z [31;1m[0m[36;1m[36;1m  38 | [0m     [36;1mWrite-Error $msg[0m
Orchestrator E2E smoke	Run orchestrator E2E smoke	2025-11-20T17:55:14.6595683Z [31;1m[0m[36;1m[36;1m[0m[36;1m[0m[36;1m     | [31;1m     ~~~~~~~~~~~~~~~~[0m
Orchestrator E2E smoke	Run orchestrator E2E smoke	2025-11-20T17:55:14.6596342Z [31;1m[0m[36;1m[36;1m[0m[36;1m[0m[36;1m[31;1m[31;1m[36;1m     | [31;1msynthetic-orchestrator-job.ps1 exited with code 1[0m
Orchestrator E2E smoke	Run orchestrator E2E smoke	2025-11-20T17:55:14.6984534Z [orchestrator-e2e] Child smoke exit code: 1
Orchestrator E2E smoke	Run orchestrator E2E smoke	2025-11-20T17:55:14.7004663Z [orchestrator-e2e] Smoke FAILED with exit code 1.
Orchestrator E2E smoke	Run orchestrator E2E smoke	2025-11-20T17:55:15.3376637Z ##[error]Process completed with exit code 1.
Orchestrator E2E smoke	Post Configure AWS credentials (OIDC)	‚à©‚ïó‚îê2025-11-20T17:55:15.3489869Z Post job cleanup.
Orchestrator E2E smoke	Post Checkout repo	‚à©‚ïó‚îê2025-11-20T17:55:15.4894832Z Post job cleanup.
Orchestrator E2E smoke	Post Checkout repo	2025-11-20T17:55:15.5848893Z [command]/usr/bin/git version
Orchestrator E2E smoke	Post Checkout repo	2025-11-20T17:55:15.5887124Z git version 2.51.2
Orchestrator E2E smoke	Post Checkout repo	2025-11-20T17:55:15.5930547Z Temporarily overriding HOME='/home/runner/work/_temp/2374c462-f3d1-47ac-9aba-55eba12adf6e' before making global git config changes
Orchestrator E2E smoke	Post Checkout repo	2025-11-20T17:55:15.5936402Z Adding repository directory to the temporary git global config as a safe directory
Orchestrator E2E smoke	Post Checkout repo	2025-11-20T17:55:15.5937306Z [command]/usr/bin/git config --global --add safe.directory /home/runner/work/Lifebook-Site/Lifebook-Site
Orchestrator E2E smoke	Post Checkout repo	2025-11-20T17:55:15.5976046Z [command]/usr/bin/git config --local --name-only --get-regexp core\.sshCommand
Orchestrator E2E smoke	Post Checkout repo	2025-11-20T17:55:15.6010860Z [command]/usr/bin/git submodule foreach --recursive sh -c "git config --local --name-only --get-regexp 'core\.sshCommand' && git config --local --unset-all 'core.sshCommand' || :"
Orchestrator E2E smoke	Post Checkout repo	2025-11-20T17:55:15.6279703Z [command]/usr/bin/git config --local --name-only --get-regexp http\.https\:\/\/github\.com\/\.extraheader
Orchestrator E2E smoke	Post Checkout repo	2025-11-20T17:55:15.6302357Z http.https://github.com/.extraheader
Orchestrator E2E smoke	Post Checkout repo	2025-11-20T17:55:15.6315415Z [command]/usr/bin/git config --local --unset-all http.https://github.com/.extraheader
Orchestrator E2E smoke	Post Checkout repo	2025-11-20T17:55:15.6347502Z [command]/usr/bin/git submodule foreach --recursive sh -c "git config --local --name-only --get-regexp 'http\.https\:\/\/github\.com\/\.extraheader' && git config --local --unset-all 'http.https://github.com/.extraheader' || :"
Orchestrator E2E smoke	Post Checkout repo	2025-11-20T17:55:15.6597552Z [command]/usr/bin/git config --local --name-only --get-regexp ^includeIf\.gitdir:
Orchestrator E2E smoke	Post Checkout repo	2025-11-20T17:55:15.6633319Z [command]/usr/bin/git submodule foreach --recursive git config --local --show-origin --name-only --get-regexp remote.origin.url
Orchestrator E2E smoke	Complete job	‚à©‚ïó‚îê2025-11-20T17:55:15.7005343Z Cleaning up orphan processes
